AR rom32x24_fbcl behavioral "C:/Documents and Settings/Administrator/Desktop/pic24final/PIC24/ROM32x24_FBCL.vhd" sub00/vhpl11 1725039394
AR rom32x24_brac behavioral "C:/Documents and Settings/Administrator/Desktop/pic24final/PIC24/ROM32x24_BRAC.vhd" sub00/vhpl14 1725018306
EN pic24 NULL "C:/Documents and Settings/Administrator/Desktop/pic24final/PIC24/PIC24.vhf" sub00/vhpl04 1725039395
EN rom32x24_brac NULL "C:/Documents and Settings/Administrator/Desktop/pic24final/PIC24/ROM32x24_BRAC.vhd" sub00/vhpl13 1725018305
AR programcounter behavioral "C:/Documents and Settings/Administrator/Desktop/pic24final/PIC24/ProgramCounter.vhd" sub00/vhpl28 1725039392
AR file_regs behavioral "C:/Documents and Settings/Administrator/Desktop/pic24final/PIC24/File_Regs.vhd" sub00/vhpl20 1725039384
EN rom32x24_bran NULL "C:/Documents and Settings/Administrator/Desktop/pic24final/PIC24/ROM32x24_BRAN.vhd" sub00/vhpl44 1725018299
AR alu behavioral "C:/Documents and Settings/Administrator/Desktop/pic24final/PIC24/ALU.vhd" sub00/vhpl09 1725039378
AR rom32x24_bran behavioral "C:/Documents and Settings/Administrator/Desktop/pic24final/PIC24/ROM32x24_BRAN.vhd" sub00/vhpl45 1725018300
AR rom32x24_a behavioral "C:/Documents and Settings/Administrator/Desktop/pic24final/PIC24/ROM32x24_A.vhd" sub00/vhpl30 1725018311
EN datamem NULL "C:/Documents and Settings/Administrator/Desktop/pic24final/PIC24/DataMem.vhd" sub00/vhpl17 1725039381
AR mux2v16 behavioral "C:/Documents and Settings/Administrator/Desktop/pic24final/PIC24/MUX2V16.vhd" sub00/vhpl24 1725039388
EN rom32x24_braz NULL "C:/Documents and Settings/Administrator/Desktop/pic24final/PIC24/ROM32x24_BRAZ.vhd" sub00/vhpl40 1725018289
EN file_regs NULL "C:/Documents and Settings/Administrator/Desktop/pic24final/PIC24/File_Regs.vhd" sub00/vhpl19 1725039383
AR rom32x24_z behavioral "C:/Documents and Settings/Administrator/Desktop/pic24final/PIC24/ROM32x24_Z.vhd" sub00/vhpl35 1725018261
EN rom32x24_ov NULL "C:/Documents and Settings/Administrator/Desktop/pic24final/PIC24/ROM32x24_OV.vhd" sub00/vhpl36 1725018271
EN mux2v4 NULL "C:/Documents and Settings/Administrator/Desktop/pic24final/PIC24/MUX2V4.vhd" sub00/vhpl21 1725039385
AR rom32x24_xor behavioral "C:/Documents and Settings/Administrator/Desktop/pic24final/PIC24/ROM32x24_XOR.vhd" sub00/vhpl16 1725038507
EN rom32x24 NULL "C:/Documents and Settings/Administrator/Desktop/pic24final/PIC24/ROM32x24.vhd" sub00/vhpl32 1725018255
AR pic24 behavioral "C:/Documents and Settings/Administrator/Desktop/pic24final/PIC24/PIC24.vhf" sub00/vhpl05 1725039396
AR mux2v4 behavioral "C:/Documents and Settings/Administrator/Desktop/pic24final/PIC24/MUX2V4.vhd" sub00/vhpl22 1725039386
AR controlunit behavioral "C:/Documents and Settings/Administrator/Desktop/pic24final/PIC24/ControlUnit.vhd" sub00/vhpl07 1725039380
EN pc_update NULL "C:/Documents and Settings/Administrator/Desktop/pic24final/PIC24/PC_Update.vhd" sub00/vhpl25 1725039389
AR rom32x24_braov behavioral "C:/Documents and Settings/Administrator/Desktop/pic24final/PIC24/ROM32x24_BRAOV.vhd" sub00/vhpl43 1725018294
EN rom32x24_xor NULL "C:/Documents and Settings/Administrator/Desktop/pic24final/PIC24/ROM32x24_XOR.vhd" sub00/vhpl15 1725038506
AR rom32x24_com behavioral "C:/Documents and Settings/Administrator/Desktop/pic24final/PIC24/ROM32x24_COM.vhd" sub00/vhpl31 1725037371
EN rom32x24_braov NULL "C:/Documents and Settings/Administrator/Desktop/pic24final/PIC24/ROM32x24_BRAOV.vhd" sub00/vhpl42 1725018293
AR rom32x24_c behavioral "C:/Documents and Settings/Administrator/Desktop/pic24final/PIC24/ROM32x24_C.vhd" sub00/vhpl03 1724612797
AR rom32x24 behavioral "C:/Documents and Settings/Administrator/Desktop/pic24final/PIC24/ROM32x24.vhd" sub00/vhpl33 1725018256
AR rom32x24_n behavioral "C:/Documents and Settings/Administrator/Desktop/pic24final/PIC24/ROM32x24_N.vhd" sub00/vhpl01 1725018276
EN controlunit NULL "C:/Documents and Settings/Administrator/Desktop/pic24final/PIC24/ControlUnit.vhd" sub00/vhpl06 1725039379
AR rom32x24_btst behavioral "C:/Documents and Settings/Administrator/Desktop/pic24final/PIC24/ROM32x24_BTST.vhd" sub00/vhpl39 1725039179
EN mux2v16 NULL "C:/Documents and Settings/Administrator/Desktop/pic24final/PIC24/MUX2V16.vhd" sub00/vhpl23 1725039387
EN rom32x24_fbcl NULL "C:/Documents and Settings/Administrator/Desktop/pic24final/PIC24/ROM32x24_FBCL.vhd" sub00/vhpl10 1725039393
EN rom32x24_com NULL "C:/Documents and Settings/Administrator/Desktop/pic24final/PIC24/ROM32x24_COM.vhd" sub00/vhpl12 1725037370
AR rom32x24_braz behavioral "C:/Documents and Settings/Administrator/Desktop/pic24final/PIC24/ROM32x24_BRAZ.vhd" sub00/vhpl41 1725018290
AR datamem behavioral "C:/Documents and Settings/Administrator/Desktop/pic24final/PIC24/DataMem.vhd" sub00/vhpl18 1725039382
EN programcounter NULL "C:/Documents and Settings/Administrator/Desktop/pic24final/PIC24/ProgramCounter.vhd" sub00/vhpl27 1725039391
EN rom32x24_a NULL "C:/Documents and Settings/Administrator/Desktop/pic24final/PIC24/ROM32x24_A.vhd" sub00/vhpl29 1725018310
EN rom32x24_c NULL "C:/Documents and Settings/Administrator/Desktop/pic24final/PIC24/ROM32x24_C.vhd" sub00/vhpl02 1724612796
AR pc_update behavioral "C:/Documents and Settings/Administrator/Desktop/pic24final/PIC24/PC_Update.vhd" sub00/vhpl26 1725039390
EN rom32x24_n NULL "C:/Documents and Settings/Administrator/Desktop/pic24final/PIC24/ROM32x24_N.vhd" sub00/vhpl00 1725018275
EN rom32x24_btst NULL "C:/Documents and Settings/Administrator/Desktop/pic24final/PIC24/ROM32x24_BTST.vhd" sub00/vhpl38 1725039178
EN alu NULL "C:/Documents and Settings/Administrator/Desktop/pic24final/PIC24/ALU.vhd" sub00/vhpl08 1725039377
AR rom32x24_ov behavioral "C:/Documents and Settings/Administrator/Desktop/pic24final/PIC24/ROM32x24_OV.vhd" sub00/vhpl37 1725018272
EN rom32x24_z NULL "C:/Documents and Settings/Administrator/Desktop/pic24final/PIC24/ROM32x24_Z.vhd" sub00/vhpl34 1725018260
